Archive member included to satisfy reference by file (symbol)

C:/ST/STM32CubeIDE_1.14.1/STM32CubeIDE/plugins/com.st.stm32cube.ide.mcu.externaltools.gnu-tools-for-stm32.11.3.rel1.win32_1.1.100.202309141235/tools/bin/../lib/gcc/arm-none-eabi/11.3.1/../../../../arm-none-eabi/lib/thumb/v7e-m/nofp\libc_nano.a(libc_a-exit.o)
                              C:/ST/STM32CubeIDE_1.14.1/STM32CubeIDE/plugins/com.st.stm32cube.ide.mcu.externaltools.gnu-tools-for-stm32.11.3.rel1.win32_1.1.100.202309141235/tools/bin/../lib/gcc/arm-none-eabi/11.3.1/../../../../arm-none-eabi/lib/thumb/v7e-m/nofp/crt0.o (exit)
C:/ST/STM32CubeIDE_1.14.1/STM32CubeIDE/plugins/com.st.stm32cube.ide.mcu.externaltools.gnu-tools-for-stm32.11.3.rel1.win32_1.1.100.202309141235/tools/bin/../lib/gcc/arm-none-eabi/11.3.1/../../../../arm-none-eabi/lib/thumb/v7e-m/nofp\libc_nano.a(libc_a-findfp.o)
                              C:/ST/STM32CubeIDE_1.14.1/STM32CubeIDE/plugins/com.st.stm32cube.ide.mcu.externaltools.gnu-tools-for-stm32.11.3.rel1.win32_1.1.100.202309141235/tools/bin/../lib/gcc/arm-none-eabi/11.3.1/../../../../arm-none-eabi/lib/thumb/v7e-m/nofp\libc_nano.a(libc_a-exit.o) (__stdio_exit_handler)
C:/ST/STM32CubeIDE_1.14.1/STM32CubeIDE/plugins/com.st.stm32cube.ide.mcu.externaltools.gnu-tools-for-stm32.11.3.rel1.win32_1.1.100.202309141235/tools/bin/../lib/gcc/arm-none-eabi/11.3.1/../../../../arm-none-eabi/lib/thumb/v7e-m/nofp\libc_nano.a(libc_a-fwalk.o)
                              C:/ST/STM32CubeIDE_1.14.1/STM32CubeIDE/plugins/com.st.stm32cube.ide.mcu.externaltools.gnu-tools-for-stm32.11.3.rel1.win32_1.1.100.202309141235/tools/bin/../lib/gcc/arm-none-eabi/11.3.1/../../../../arm-none-eabi/lib/thumb/v7e-m/nofp\libc_nano.a(libc_a-findfp.o) (_fwalk_sglue)
C:/ST/STM32CubeIDE_1.14.1/STM32CubeIDE/plugins/com.st.stm32cube.ide.mcu.externaltools.gnu-tools-for-stm32.11.3.rel1.win32_1.1.100.202309141235/tools/bin/../lib/gcc/arm-none-eabi/11.3.1/../../../../arm-none-eabi/lib/thumb/v7e-m/nofp\libc_nano.a(libc_a-snprintf.o)
                              ./Src/main.o (snprintf)
C:/ST/STM32CubeIDE_1.14.1/STM32CubeIDE/plugins/com.st.stm32cube.ide.mcu.externaltools.gnu-tools-for-stm32.11.3.rel1.win32_1.1.100.202309141235/tools/bin/../lib/gcc/arm-none-eabi/11.3.1/../../../../arm-none-eabi/lib/thumb/v7e-m/nofp\libc_nano.a(libc_a-stdio.o)
                              C:/ST/STM32CubeIDE_1.14.1/STM32CubeIDE/plugins/com.st.stm32cube.ide.mcu.externaltools.gnu-tools-for-stm32.11.3.rel1.win32_1.1.100.202309141235/tools/bin/../lib/gcc/arm-none-eabi/11.3.1/../../../../arm-none-eabi/lib/thumb/v7e-m/nofp\libc_nano.a(libc_a-findfp.o) (__sread)
C:/ST/STM32CubeIDE_1.14.1/STM32CubeIDE/plugins/com.st.stm32cube.ide.mcu.externaltools.gnu-tools-for-stm32.11.3.rel1.win32_1.1.100.202309141235/tools/bin/../lib/gcc/arm-none-eabi/11.3.1/../../../../arm-none-eabi/lib/thumb/v7e-m/nofp\libc_nano.a(libc_a-strstr.o)
                              ./Src/wifi.o (strstr)
C:/ST/STM32CubeIDE_1.14.1/STM32CubeIDE/plugins/com.st.stm32cube.ide.mcu.externaltools.gnu-tools-for-stm32.11.3.rel1.win32_1.1.100.202309141235/tools/bin/../lib/gcc/arm-none-eabi/11.3.1/../../../../arm-none-eabi/lib/thumb/v7e-m/nofp\libc_nano.a(libc_a-closer.o)
                              C:/ST/STM32CubeIDE_1.14.1/STM32CubeIDE/plugins/com.st.stm32cube.ide.mcu.externaltools.gnu-tools-for-stm32.11.3.rel1.win32_1.1.100.202309141235/tools/bin/../lib/gcc/arm-none-eabi/11.3.1/../../../../arm-none-eabi/lib/thumb/v7e-m/nofp\libc_nano.a(libc_a-stdio.o) (_close_r)
C:/ST/STM32CubeIDE_1.14.1/STM32CubeIDE/plugins/com.st.stm32cube.ide.mcu.externaltools.gnu-tools-for-stm32.11.3.rel1.win32_1.1.100.202309141235/tools/bin/../lib/gcc/arm-none-eabi/11.3.1/../../../../arm-none-eabi/lib/thumb/v7e-m/nofp\libc_nano.a(libc_a-reent.o)
                              C:/ST/STM32CubeIDE_1.14.1/STM32CubeIDE/plugins/com.st.stm32cube.ide.mcu.externaltools.gnu-tools-for-stm32.11.3.rel1.win32_1.1.100.202309141235/tools/bin/../lib/gcc/arm-none-eabi/11.3.1/../../../../arm-none-eabi/lib/thumb/v7e-m/nofp\libc_nano.a(libc_a-closer.o) (errno)
C:/ST/STM32CubeIDE_1.14.1/STM32CubeIDE/plugins/com.st.stm32cube.ide.mcu.externaltools.gnu-tools-for-stm32.11.3.rel1.win32_1.1.100.202309141235/tools/bin/../lib/gcc/arm-none-eabi/11.3.1/../../../../arm-none-eabi/lib/thumb/v7e-m/nofp\libc_nano.a(libc_a-impure.o)
                              C:/ST/STM32CubeIDE_1.14.1/STM32CubeIDE/plugins/com.st.stm32cube.ide.mcu.externaltools.gnu-tools-for-stm32.11.3.rel1.win32_1.1.100.202309141235/tools/bin/../lib/gcc/arm-none-eabi/11.3.1/../../../../arm-none-eabi/lib/thumb/v7e-m/nofp\libc_nano.a(libc_a-snprintf.o) (_impure_ptr)
C:/ST/STM32CubeIDE_1.14.1/STM32CubeIDE/plugins/com.st.stm32cube.ide.mcu.externaltools.gnu-tools-for-stm32.11.3.rel1.win32_1.1.100.202309141235/tools/bin/../lib/gcc/arm-none-eabi/11.3.1/../../../../arm-none-eabi/lib/thumb/v7e-m/nofp\libc_nano.a(libc_a-lseekr.o)
[...]
Memory Configuration

Name             Origin             Length             Attributes
CCMRAM           0x0000000010000000 0x0000000000010000 xrw
RAM              0x0000000020000000 0x0000000000020000 xrw
FLASH            0x0000000008000000 0x0000000000100000 xr
*default*        0x0000000000000000 0xffffffffffffffff

Linker script and memory map

LOAD C:/ST/STM32CubeIDE_1.14.1/STM32CubeIDE/plugins/com.st.stm32cube.ide.mcu.externaltools.gnu-tools-for-stm32.11.3.rel1.win32_1.1.100.202309141235/tools/bin/../lib/gcc/arm-none-eabi/11.3.1/thumb/v7e-m/nofp/crti.o
LOAD C:/ST/STM32CubeIDE_1.14.1/STM32CubeIDE/plugins/com.st.stm32cube.ide.mcu.externaltools.gnu-tools-for-stm32.11.3.rel1.win32_1.1.100.202309141235/tools/bin/../lib/gcc/arm-none-eabi/11.3.1/thumb/v7e-m/nofp/crtbegin.o
LOAD C:/ST/STM32CubeIDE_1.14.1/STM32CubeIDE/plugins/com.st.stm32cube.ide.mcu.externaltools.gnu-tools-for-stm32.11.3.rel1.win32_1.1.100.202309141235/tools/bin/../lib/gcc/arm-none-eabi/11.3.1/../../../../arm-none-eabi/lib/thumb/v7e-m/nofp/crt0.o
LOAD ./Src/aes.o
LOAD ./Src/config.o
LOAD ./Src/keypad.o
LOAD ./Src/main.o
LOAD ./Src/rfid.o
LOAD ./Src/secure_lock.o
LOAD ./Src/sha256.o
LOAD ./Src/syscalls.o
LOAD ./Src/sysmem.o
LOAD ./Src/utils.o
LOAD ./Src/wifi.o
LOAD ./Startup/startup_stm32f407vgtx.o
START GROUP
LOAD C:/ST/STM32CubeIDE_1.14.1/STM32CubeIDE/plugins/com.st.stm32cube.ide.mcu.externaltools.gnu-tools-for-stm32.11.3.rel1.win32_1.1.100.202309141235/tools/bin/../lib/gcc/arm-none-eabi/11.3.1/../../../../arm-none-eabi/lib/thumb/v7e-m/nofp\libc_nano.a
LOAD C:/ST/STM32CubeIDE_1.14.1/STM32CubeIDE/plugins/com.st.stm32cube.ide.mcu.externaltools.gnu-tools-for-stm32.11.3.rel1.win32_1.1.100.202309141235/tools/bin/../lib/gcc/arm-none-eabi/11.3.1/../../../../arm-none-eabi/lib/thumb/v7e-m/nofp\libm.a
END GROUP
START GROUP
LOAD C:/ST/STM32CubeIDE_1.14.1/STM32CubeIDE/plugins/com.st.stm32cube.ide.mcu.externaltools.gnu-tools-for-stm32.11.3.rel1.win32_1.1.100.202309141235/tools/bin/../lib/gcc/arm-none-eabi/11.3.1/thumb/v7e-m/nofp\libgcc.a
LOAD C:/ST/STM32CubeIDE_1.14.1/STM32CubeIDE/plugins/com.st.stm32cube.ide.mcu.externaltools.gnu-tools-for-stm32.11.3.rel1.win32_1.1.100.202309141235/tools/bin/../lib/gcc/arm-none-eabi/11.3.1/../../../../arm-none-eabi/lib/thumb/v7e-m/nofp\libc_nano.a
END GROUP
START GROUP
LOAD C:/ST/STM32CubeIDE_1.14.1/STM32CubeIDE/plugins/com.st.stm32cube.ide.mcu.externaltools.gnu-tools-for-stm32.11.3.rel1.win32_1.1.100.202309141235/tools/bin/../lib/gcc/arm-none-eabi/11.3.1/thumb/v7e-m/nofp\libgcc.a
LOAD C:/ST/STM32CubeIDE_1.14.1/STM32CubeIDE/plugins/com.st.stm32cube.ide.mcu.externaltools.gnu-tools-for-stm32.11.3.rel1.win32_1.1.100.202309141235/tools/bin/../lib/gcc/arm-none-eabi/11.3.1/../../../../arm-none-eabi/lib/thumb/v7e-m/nofp\libc_nano.a
LOAD C:/ST/STM32CubeIDE_1.14.1/STM32CubeIDE/plugins/com.st.stm32cube.ide.mcu.externaltools.gnu-tools-for-stm32.11.3.rel1.win32_1.1.100.202309141235/tools/bin/../lib/gcc/arm-none-eabi/11.3.1/../../../../arm-none-eabi/lib/thumb/v7e-m/nofp\libnosys.a
END GROUP
START GROUP
LOAD C:/ST/STM32CubeIDE_1.14.1/STM32CubeIDE/plugins/com.st.stm32cube.ide.mcu.externaltools.gnu-tools-for-stm32.11.3.rel1.win32_1.1.100.202309141235/tools/bin/../lib/gcc/arm-none-eabi/11.3.1/thumb/v7e-m/nofp\libgcc.a
LOAD C:/ST/STM32CubeIDE_1.14.1/STM32CubeIDE/plugins/com.st.stm32cube.ide.mcu.externaltools.gnu-tools-for-stm32.11.3.rel1.win32_1.1.100.202309141235/tools/bin/../lib/gcc/arm-none-eabi/11.3.1/../../../../arm-none-eabi/lib/thumb/v7e-m/nofp\libc_nano.a
LOAD C:/ST/STM32CubeIDE_1.14.1/STM32CubeIDE/plugins/com.st.stm32cube.ide.mcu.externaltools.gnu-tools-for-stm32.11.3.rel1.win32_1.1.100.202309141235/tools/bin/../lib/gcc/arm-none-eabi/11.3.1/../../../../arm-none-eabi/lib/thumb/v7e-m/nofp\libnosys.a
END GROUP
LOAD C:/ST/STM32CubeIDE_1.14.1/STM32CubeIDE/plugins/com.st.stm32cube.ide.mcu.externaltools.gnu-tools-for-stm32.11.3.rel1.win32_1.1.100.202309141235/tools/bin/../lib/gcc/arm-none-eabi/11.3.1/thumb/v7e-m/nofp/crtend.o
LOAD C:/ST/STM32CubeIDE_1.14.1/STM32CubeIDE/plugins/com.st.stm32cube.ide.mcu.externaltools.gnu-tools-for-stm32.11.3.rel1.win32_1.1.100.202309141235/tools/bin/../lib/gcc/arm-none-eabi/11.3.1/thumb/v7e-m/nofp/crtn.o
                0x0000000020020000                _estack = (ORIGIN (RAM) + LENGTH (RAM))
                0x0000000000000200                _Min_Heap_Size = 0x200
                0x0000000000000400                _Min_Stack_Size = 0x400

.isr_vector     0x0000000008000000      0x188
                0x0000000008000000                . = ALIGN (0x4)
 *(.isr_vector)
 .isr_vector    0x0000000008000000      0x188 ./Startup/startup_stm32f407vgtx.o
                0x0000000008000000                g_pfnVectors
                0x0000000008000188                . = ALIGN (0x4)

.text           0x0000000008000190     0x28a4
                0x0000000008000190                . = ALIGN (0x4)
 *(.text)
 .text          0x0000000008000190       0x40 C:/ST/STM32CubeIDE_1.14.1/STM32CubeIDE/plugins/com.st.stm32cube.ide.mcu.externaltools.gnu-tools-for-stm32.11.3.rel1.win32_1.1.100.202309141235/tools/bin/../lib/gcc/arm-none-eabi/11.3.1/thumb/v7e-m/nofp/crtbegin.o
 .text          0x00000000080001d0       0xa0 C:/ST/STM32CubeIDE_1.14.1/STM32CubeIDE/plugins/com.st.stm32cube.ide.mcu.externaltools.gnu-tools-for-stm32.11.3.rel1.win32_1.1.100.202309141235/tools/bin/../lib/gcc/arm-none-eabi/11.3.1/../../../../arm-none-eabi/lib/thumb/v7e-m/nofp\libc_nano.a(libc_a-memchr.o)
                0x00000000080001d0                memchr
 *(.text*)
 .text.AES_Encrypt
                0x0000000008000270       0x4e ./Src/aes.o
                0x0000000008000270                AES_Encrypt
 *fill*         0x00000000080002be        0x2 
 .text.Config_LoadDefaults
                0x00000000080002c0       0x14 ./Src/config.o
                0x00000000080002c0                Config_LoadDefaults
 .text.Keypad_Init
                0x00000000080002d4       0x88 ./Src/keypad.o
                0x00000000080002d4                Keypad_Init
 .text.Keypad_GetKey
                0x000000000800035c      0x13c ./Src/keypad.o
                0x000000000800035c                Keypad_GetKey
 .text.Keypad_GetPIN
                0x0000000008000498      0x116 ./Src/keypad.o
                0x0000000008000498                Keypad_GetPIN
 *fill*         0x00000000080005ae        0x2 
 .text.main     0x00000000080005b0       0x38 ./Src/main.o
                0x00000000080005b0                main
 .text.System_Init
                0x00000000080005e8       0x64 ./Src/main.o
                0x00000000080005e8                System_Init
 .text.SystemClock_Config
                0x000000000800064c       0x50 ./Src/main.o
                0x000000000800064c                SystemClock_Config
 .text.GPIO_Init
                0x000000000800069c       0x90 ./Src/main.o
                0x000000000800069c                GPIO_Init
 .text.System_Run
                0x000000000800072c       0x1e ./Src/main.o
                0x000000000800072c                System_Run
 *fill*         0x000000000800074a        0x2 
 .text.System_Heartbeat
                0x000000000800074c       0x6c ./Src/main.o
                0x000000000800074c                System_Heartbeat
 .text.System_ProcessCommands
                0x00000000080007b8       0xac ./Src/main.o
                0x00000000080007b8                System_ProcessCommands
 .text.Check_MaintenanceModeTrigger
                0x0000000008000864       0x8c ./Src/main.o
                0x0000000008000864                Check_MaintenanceModeTrigger
 .text.Enter_MaintenanceMode
                0x00000000080008f0       0x28 ./Src/main.o
                0x00000000080008f0                Enter_MaintenanceMode
 .text.Exit_MaintenanceMode
                0x0000000008000918       0x28 ./Src/main.o
                0x0000000008000918                Exit_MaintenanceMode
 .text.System_ErrorHandler
                0x0000000008000940       0x5c ./Src/main.o
                0x0000000008000940                System_ErrorHandler
 .text.system_reset
                0x000000000800099c       0x20 ./Src/main.o
                0x000000000800099c                system_reset
 .text.NMI_Handler
                0x00000000080009bc        0xc ./Src/main.o
                0x00000000080009bc                NMI_Handler
 .text.HardFault_Handler
                0x00000000080009c8        0xc ./Src/main.o
                0x00000000080009c8                HardFault_Handler
 .text.MemManage_Handler
                0x00000000080009d4        0xc ./Src/main.o
                0x00000000080009d4                MemManage_Handler
 .text.BusFault_Handler
                0x00000000080009e0        0xc ./Src/main.o
                0x00000000080009e0                BusFault_Handler
 .text.UsageFault_Handler
                0x00000000080009ec        0xc ./Src/main.o
                0x00000000080009ec                UsageFault_Handler
 .text.SVC_Handler
                0x00000000080009f8        0xc ./Src/main.o
                0x00000000080009f8                SVC_Handler
 .text.PendSV_Handler
                0x0000000008000a04        0xc ./Src/main.o
                0x0000000008000a04                PendSV_Handler
 .text.SysTick_Handler
                0x0000000008000a10       0x1c ./Src/main.o
                0x0000000008000a10                SysTick_Handler
 .text.RFID_Init
                0x0000000008000a2c      0x134 ./Src/rfid.o
                0x0000000008000a2c                RFID_Init
 .text.RFID_Transfer
                0x0000000008000b60       0x40 ./Src/rfid.o
                0x0000000008000b60                RFID_Transfer
 .text.RFID_WriteRegister
                0x0000000008000ba0       0x50 ./Src/rfid.o
                0x0000000008000ba0                RFID_WriteRegister
 .text.RFID_ReadRegister
                0x0000000008000bf0       0x54 ./Src/rfid.o
                0x0000000008000bf0                RFID_ReadRegister
 .text.RFID_CheckForCard
                0x0000000008000c44       0x9a ./Src/rfid.o
                0x0000000008000c44                RFID_CheckForCard
 .text.RFID_TransceiveData
                0x0000000008000cde      0x10e ./Src/rfid.o
                0x0000000008000cde                RFID_TransceiveData
 .text.SecureLock_Init
                0x0000000008000dec       0x50 ./Src/secure_lock.o
                0x0000000008000dec                SecureLock_Init
 .text.SecureLock_Run
                0x0000000008000e3c       0xd8 ./Src/secure_lock.o
                0x0000000008000e3c                SecureLock_Run
 .text.SecureLock_ProcessRFID
                0x0000000008000f14       0x6c ./Src/secure_lock.o
                0x0000000008000f14                SecureLock_ProcessRFID
 .text.SecureLock_ProcessPIN
                0x0000000008000f80       0xac ./Src/secure_lock.o
                0x0000000008000f80                SecureLock_ProcessPIN
 .text.SecureLock_ValidateRFID
                0x000000000800102c       0x4c ./Src/secure_lock.o
                0x000000000800102c                SecureLock_ValidateRFID
 .text.SecureLock_ValidatePIN
                0x0000000008001078       0x5a ./Src/secure_lock.o
                0x0000000008001078                SecureLock_ValidatePIN
 *fill*         0x00000000080010d2        0x2 
 .text.SecureLock_GrantAccess
                0x00000000080010d4       0x64 ./Src/secure_lock.o
                0x00000000080010d4                SecureLock_GrantAccess
 .text.SecureLock_DenyAccess
                0x0000000008001138       0x28 ./Src/secure_lock.o
                0x0000000008001138                SecureLock_DenyAccess
 .text.SecureLock_ResetSession
                0x0000000008001160       0x38 ./Src/secure_lock.o
                0x0000000008001160                SecureLock_ResetSession
 .text.SecureLock_LogAccess
                0x0000000008001198       0xdc ./Src/secure_lock.o
                0x0000000008001198                SecureLock_LogAccess
 .text.SecureLock_RemoteUnlock
                0x0000000008001274       0x28 ./Src/secure_lock.o
                0x0000000008001274                SecureLock_RemoteUnlock
 .text.SecureLock_GetFailedAttempts
                0x000000000800129c       0x14 ./Src/secure_lock.o
                0x000000000800129c                SecureLock_GetFailedAttempts
 .text.sha256_transform
                0x00000000080012b0      0x410 ./Src/sha256.o
                0x00000000080012b0                sha256_transform
 .text.sha256_init
                0x00000000080016c0       0x70 ./Src/sha256.o
                0x00000000080016c0                sha256_init
 .text.sha256_update
                0x0000000008001730       0xc4 ./Src/sha256.o
                0x0000000008001730                sha256_update
 .text.sha256_final
                0x00000000080017f4      0x13e ./Src/sha256.o
                0x00000000080017f4                sha256_final
 *fill*         0x0000000008001932        0x2 
 .text._sbrk    0x0000000008001934       0x6c ./Src/sysmem.o
                0x0000000008001934                _sbrk
 .text.delay_ms
                0x00000000080019a0       0x32 ./Src/utils.o
                0x00000000080019a0                delay_ms
 .text.delay_us
                0x00000000080019d2       0x2c ./Src/utils.o
                0x00000000080019d2                delay_us
 *fill*         0x00000000080019fe        0x2 
 .text.get_tick_count
                0x0000000008001a00       0x14 ./Src/utils.o
                0x0000000008001a00                get_tick_count
 .text.strlen   0x0000000008001a14       0x2c ./Src/utils.o
                0x0000000008001a14                strlen
 .text.strcmp   0x0000000008001a40       0x42 ./Src/utils.o
                0x0000000008001a40                strcmp
 .text.memcpy   0x0000000008001a82       0x3c ./Src/utils.o
                0x0000000008001a82                memcpy
 .text.memset   0x0000000008001abe       0x34 ./Src/utils.o
                0x0000000008001abe                memset
 .text.memcmp   0x0000000008001af2       0x52 ./Src/utils.o
                0x0000000008001af2                memcmp
 .text.memmove  0x0000000008001b44       0x76 ./Src/utils.o
                0x0000000008001b44                memmove
 *fill*         0x0000000008001bba        0x2 
 .text.led_on   0x0000000008001bbc       0x60 ./Src/utils.o
                0x0000000008001bbc                led_on
 .text.led_off  0x0000000008001c1c       0x60 ./Src/utils.o
                0x0000000008001c1c                led_off
 .text.led_blink
                0x0000000008001c7c       0x54 ./Src/utils.o
                0x0000000008001c7c                led_blink
 .text.debug_printf
                0x0000000008001cd0       0x10 ./Src/utils.o
                0x0000000008001cd0                debug_printf
 .text.WIFI_Init
                0x0000000008001ce0       0x8c ./Src/wifi.o
                0x0000000008001ce0                WIFI_Init
 .text.WIFI_SendChar
                0x0000000008001d6c       0x2c ./Src/wifi.o
                0x0000000008001d6c                WIFI_SendChar
 .text.WIFI_SendString
                0x0000000008001d98       0x2a ./Src/wifi.o
                0x0000000008001d98                WIFI_SendString
 *fill*         0x0000000008001dc2        0x2 
 .text.WIFI_SendCommand
                0x0000000008001dc4       0xb0 ./Src/wifi.o
                0x0000000008001dc4                WIFI_SendCommand
 .text.WIFI_SendLog
                0x0000000008001e74       0x94 ./Src/wifi.o
                0x0000000008001e74                WIFI_SendLog
 .text.WIFI_SendEncryptedLog
                0x0000000008001f08       0x94 ./Src/wifi.o
                0x0000000008001f08                WIFI_SendEncryptedLog
 .text.WIFI_HasCommand
                0x0000000008001f9c       0x1c ./Src/wifi.o
                0x0000000008001f9c                WIFI_HasCommand
 .text.WIFI_GetCommand
                0x0000000008001fb8       0xc0 ./Src/wifi.o
                0x0000000008001fb8                WIFI_GetCommand
 .text.WIFI_IsConnected
                0x0000000008002078       0x18 ./Src/wifi.o
                0x0000000008002078                WIFI_IsConnected
 .text.Reset_Handler
                0x0000000008002090       0x50 ./Startup/startup_stm32f407vgtx.o
                0x0000000008002090                Reset_Handler
 .text.Default_Handler
                0x00000000080020e0        0x2 ./Startup/startup_stm32f407vgtx.o
                0x00000000080020e0                RTC_Alarm_IRQHandler
                0x00000000080020e0                HASH_RNG_IRQHandler
                0x00000000080020e0                EXTI2_IRQHandler
                0x00000000080020e0                TIM8_CC_IRQHandler
                0x00000000080020e0                DebugMon_Handler
                0x00000000080020e0                TIM1_CC_IRQHandler
                0x00000000080020e0                DMA2_Stream5_IRQHandler
                0x00000000080020e0                DMA1_Stream5_IRQHandler
                0x00000000080020e0                PVD_IRQHandler
                0x00000000080020e0                SDIO_IRQHandler
                0x00000000080020e0                TAMP_STAMP_IRQHandler
                0x00000000080020e0                CAN2_RX1_IRQHandler
                0x00000000080020e0                EXTI3_IRQHandler
                0x00000000080020e0                TIM8_TRG_COM_TIM14_IRQHandler
                0x00000000080020e0                TIM1_UP_TIM10_IRQHandler
                0x00000000080020e0                TIM8_UP_TIM13_IRQHandler
                0x00000000080020e0                I2C3_ER_IRQHandler
                0x00000000080020e0                EXTI0_IRQHandler
                0x00000000080020e0                I2C2_EV_IRQHandler
                0x00000000080020e0                DMA1_Stream2_IRQHandler
                0x00000000080020e0                CAN1_RX0_IRQHandler
                0x00000000080020e0                FPU_IRQHandler
                0x00000000080020e0                OTG_HS_WKUP_IRQHandler
                0x00000000080020e0                CAN2_SCE_IRQHandler
                0x00000000080020e0                DMA2_Stream2_IRQHandler
                0x00000000080020e0                SPI1_IRQHandler
                0x00000000080020e0                TIM6_DAC_IRQHandler
                0x00000000080020e0                TIM1_BRK_TIM9_IRQHandler
                0x00000000080020e0                DCMI_IRQHandler
                0x00000000080020e0                CAN2_RX0_IRQHandler
                0x00000000080020e0                DMA2_Stream3_IRQHandler
                0x00000000080020e0                USART6_IRQHandler
                0x00000000080020e0                USART3_IRQHandler
                0x00000000080020e0                CRYP_IRQHandler
                0x00000000080020e0                CAN1_RX1_IRQHandler
                0x00000000080020e0                UART5_IRQHandler
                0x00000000080020e0                DMA2_Stream0_IRQHandler
                0x00000000080020e0                TIM4_IRQHandler
                0x00000000080020e0                I2C1_EV_IRQHandler
                0x00000000080020e0                DMA1_Stream6_IRQHandler
                0x00000000080020e0                DMA1_Stream1_IRQHandler
                0x00000000080020e0                UART4_IRQHandler
                0x00000000080020e0                TIM3_IRQHandler
                0x00000000080020e0                RCC_IRQHandler
                0x00000000080020e0                TIM8_BRK_TIM12_IRQHandler
                0x00000000080020e0                Default_Handler
                0x00000000080020e0                EXTI15_10_IRQHandler
                0x00000000080020e0                ADC_IRQHandler
                0x00000000080020e0                DMA1_Stream7_IRQHandler
                0x00000000080020e0                TIM7_IRQHandler
                0x00000000080020e0                CAN2_TX_IRQHandler
                0x00000000080020e0                TIM5_IRQHandler
                0x00000000080020e0                DMA2_Stream7_IRQHandler
                0x00000000080020e0                I2C3_EV_IRQHandler
                0x00000000080020e0                EXTI9_5_IRQHandler
                0x00000000080020e0                RTC_WKUP_IRQHandler
                0x00000000080020e0                ETH_WKUP_IRQHandler
                0x00000000080020e0                SPI2_IRQHandler
                0x00000000080020e0                OTG_HS_EP1_IN_IRQHandler
                0x00000000080020e0                DMA1_Stream0_IRQHandler
                0x00000000080020e0                CAN1_TX_IRQHandler
                0x00000000080020e0                EXTI4_IRQHandler
                0x00000000080020e0                FSMC_IRQHandler
                0x00000000080020e0                ETH_IRQHandler
                0x00000000080020e0                OTG_HS_EP1_OUT_IRQHandler
                0x00000000080020e0                WWDG_IRQHandler
                0x00000000080020e0                TIM2_IRQHandler
                0x00000000080020e0                OTG_FS_WKUP_IRQHandler
                0x00000000080020e0                TIM1_TRG_COM_TIM11_IRQHandler
                0x00000000080020e0                OTG_HS_IRQHandler
                0x00000000080020e0                EXTI1_IRQHandler
                0x00000000080020e0                USART2_IRQHandler
                0x00000000080020e0                I2C2_ER_IRQHandler
                0x00000000080020e0                DMA2_Stream1_IRQHandler
                0x00000000080020e0                CAN1_SCE_IRQHandler
                0x00000000080020e0                DMA2_Stream4_IRQHandler
                0x00000000080020e0                USART1_IRQHandler
                0x00000000080020e0                OTG_FS_IRQHandler
                0x00000000080020e0                SPI3_IRQHandler
                0x00000000080020e0                DMA1_Stream4_IRQHandler
                0x00000000080020e0                I2C1_ER_IRQHandler
                0x00000000080020e0                DMA2_Stream6_IRQHandler
                0x00000000080020e0                DMA1_Stream3_IRQHandler
 *fill*         0x00000000080020e2        0x2 
 .text.snprintf
                0x00000000080020e4       0x68 C:/ST/STM32CubeIDE_1.14.1/STM32CubeIDE/plugins/com.st.stm32cube.ide.mcu.externaltools.gnu-tools-for-stm32.11.3.rel1.win32_1.1.100.202309141235/tools/bin/../lib/gcc/arm-none-eabi/11.3.1/../../../../arm-none-eabi/lib/thumb/v7e-m/nofp\libc_nano.a(libc_a-snprintf.o)
                0x00000000080020e4                sniprintf
                0x00000000080020e4                snprintf
 .text.strstr   0x000000000800214c       0x2c C:/ST/STM32CubeIDE_1.14.1/STM32CubeIDE/plugins/com.st.stm32cube.ide.mcu.externaltools.gnu-tools-for-stm32.11.3.rel1.win32_1.1.100.202309141235/tools/bin/../lib/gcc/arm-none-eabi/11.3.1/../../../../arm-none-eabi/lib/thumb/v7e-m/nofp\libc_nano.a(libc_a-strstr.o)
                0x000000000800214c                strstr
 .text.__errno  0x0000000008002178        0xc C:/ST/STM32CubeIDE_1.14.1/STM32CubeIDE/plugins/com.st.stm32cube.ide.mcu.externaltools.gnu-tools-for-stm32.11.3.rel1.win32_1.1.100.202309141235/tools/bin/../lib/gcc/arm-none-eabi/11.3.1/../../../../arm-none-eabi/lib/thumb/v7e-m/nofp\libc_nano.a(libc_a-errno.o)
                0x0000000008002178                __errno
 .text.__libc_init_array
                0x0000000008002184       0x48 C:/ST/STM32CubeIDE_1.14.1/STM32CubeIDE/plugins/com.st.stm32cube.ide.mcu.externaltools.gnu-tools-for-stm32.11.3.rel1.win32_1.1.100.202309141235/tools/bin/../lib/gcc/arm-none-eabi/11.3.1/../../../../arm-none-eabi/lib/thumb/v7e-m/nofp\libc_nano.a(libc_a-init.o)
                0x0000000008002184                __libc_init_array
 .text.__retarget_lock_acquire_recursive
                0x00000000080021cc        0x2 C:/ST/STM32CubeIDE_1.14.1/STM32CubeIDE/plugins/com.st.stm32cube.ide.mcu.externaltools.gnu-tools-for-stm32.11.3.rel1.win32_1.1.100.202309141235/tools/bin/../lib/gcc/arm-none-eabi/11.3.1/../../../../arm-none-eabi/lib/thumb/v7e-m/nofp\libc_nano.a(libc_a-lock.o)
                0x00000000080021cc                __retarget_lock_acquire_recursive
 .text.__retarget_lock_release_recursive
                0x00000000080021ce        0x2 C:/ST/STM32CubeIDE_1.14.1/STM32CubeIDE/plugins/com.st.stm32cube.ide.mcu.externaltools.gnu-tools-for-stm32.11.3.rel1.win32_1.1.100.202309141235/tools/bin/../lib/gcc/arm-none-eabi/11.3.1/../../../../arm-none-eabi/lib/thumb/v7e-m/nofp\libc_nano.a(libc_a-lock.o)
                0x00000000080021ce                __retarget_lock_release_recursive
 .text._free_r  0x00000000080021d0       0x94 C:/ST/STM32CubeIDE_1.14.1/STM32CubeIDE/plugins/com.st.stm32cube.ide.mcu.externaltools.gnu-tools-for-stm32.11.3.rel1.win32_1.1.100.202309141235/tools/bin/../lib/gcc/arm-none-eabi/11.3.1/../../../../arm-none-eabi/lib/thumb/v7e-m/nofp\libc_nano.a(libc_a-freer.o)
                0x00000000080021d0                _free_r
 .text.sbrk_aligned
                0x0000000008002264       0x40 C:/ST/STM32CubeIDE_1.14.1/STM32CubeIDE/plugins/com.st.stm32cube.ide.mcu.externaltools.gnu-tools-for-stm32.11.3.rel1.win32_1.1.100.202309141235/tools/bin/../lib/gcc/arm-none-eabi/11.3.1/../../../../arm-none-eabi/lib/thumb/v7e-m/nofp\libc_nano.a(libc_a-mallocr.o)
 .text._malloc_r
                0x00000000080022a4      0x100 C:/ST/STM32CubeIDE_1.14.1/STM32CubeIDE/plugins/com.st.stm32cube.ide.mcu.externaltools.gnu-tools-for-stm32.11.3.rel1.win32_1.1.100.202309141235/tools/bin/../lib/gcc/arm-none-eabi/11.3.1/../../../../arm-none-eabi/lib/thumb/v7e-m/nofp\libc_nano.a(libc_a-mallocr.o)
                0x00000000080022a4                _malloc_r
 .text.__malloc_lock
                0x00000000080023a4        0xc C:/ST/STM32CubeIDE_1.14.1/STM32CubeIDE/plugins/com.st.stm32cube.ide.mcu.externaltools.gnu-tools-for-stm32.11.3.rel1.win32_1.1.100.202309141235/tools/bin/../lib/gcc/arm-none-eabi/11.3.1/../../../../arm-none-eabi/lib/thumb/v7e-m/nofp\libc_nano.a(libc_a-mlock.o)
                0x00000000080023a4                __malloc_lock
 .text.__malloc_unlock
                0x00000000080023b0        0xc C:/ST/STM32CubeIDE_1.14.1/STM32CubeIDE/plugins/com.st.stm32cube.ide.mcu.externaltools.gnu-tools-for-stm32.11.3.rel1.win32_1.1.100.202309141235/tools/bin/../lib/gcc/arm-none-eabi/11.3.1/../../../../arm-none-eabi/lib/thumb/v7e-m/nofp\libc_nano.a(libc_a-mlock.o)
                0x00000000080023b0                __malloc_unlock
 .text.__ssputs_r
                0x00000000080023bc       0xb4 C:/ST/STM32CubeIDE_1.14.1/STM32CubeIDE/plugins/com.st.stm32cube.ide.mcu.externaltools.gnu-tools-for-stm32.11.3.rel1.win32_1.1.100.202309141235/tools/bin/../lib/gcc/arm-none-eabi/11.3.1/../../../../arm-none-eabi/lib/thumb/v7e-m/nofp\libc_nano.a(libc_a-nano-svfprintf.o)
                0x00000000080023bc                __ssputs_r
 .text._svfprintf_r
                0x0000000008002470      0x1fc C:/ST/STM32CubeIDE_1.14.1/STM32CubeIDE/plugins/com.st.stm32cube.ide.mcu.externaltools.gnu-tools-for-stm32.11.3.rel1.win32_1.1.100.202309141235/tools/bin/../lib/gcc/arm-none-eabi/11.3.1/../../../../arm-none-eabi/lib/thumb/v7e-m/nofp\libc_nano.a(libc_a-nano-svfprintf.o)
                0x0000000008002470                _svfiprintf_r
                0x0000000008002470                _svfprintf_r
 .text._printf_common
                0x000000000800266c       0xda C:/ST/STM32CubeIDE_1.14.1/STM32CubeIDE/plugins/com.st.stm32cube.ide.mcu.externaltools.gnu-tools-for-stm32.11.3.rel1.win32_1.1.100.202309141235/tools/bin/../lib/gcc/arm-none-eabi/11.3.1/../../../../arm-none-eabi/lib/thumb/v7e-m/nofp\libc_nano.a(libc_a-nano-vfprintf_i.o)
                0x000000000800266c                _printf_common
 *fill*         0x0000000008002746        0x2 
 .text._printf_i
                0x0000000008002748      0x244 C:/ST/STM32CubeIDE_1.14.1/STM32CubeIDE/plugins/com.st.stm32cube.ide.mcu.externaltools.gnu-tools-for-stm32.11.3.rel1.win32_1.1.100.202309141235/tools/bin/../lib/gcc/arm-none-eabi/11.3.1/../../../../arm-none-eabi/lib/thumb/v7e-m/nofp\libc_nano.a(libc_a-nano-vfprintf_i.o)
                0x0000000008002748                _printf_i
 .text._sbrk_r  0x000000000800298c       0x20 C:/ST/STM32CubeIDE_1.14.1/STM32CubeIDE/plugins/com.st.stm32cube.ide.mcu.externaltools.gnu-tools-for-stm32.11.3.rel1.win32_1.1.100.202309141235/tools/bin/../lib/gcc/arm-none-eabi/11.3.1/../../../../arm-none-eabi/lib/thumb/v7e-m/nofp\libc_nano.a(libc_a-sbrkr.o)
                0x000000000800298c                _sbrk_r
 .text._realloc_r
                0x00000000080029ac       0x5e C:/ST/STM32CubeIDE_1.14.1/STM32CubeIDE/plugins/com.st.stm32cube.ide.mcu.externaltools.gnu-tools-for-stm32.11.3.rel1.win32_1.1.100.202309141235/tools/bin/../lib/gcc/arm-none-eabi/11.3.1/../../../../arm-none-eabi/lib/thumb/v7e-m/nofp\libc_nano.a(libc_a-reallocr.o)
                0x00000000080029ac                _realloc_r
 .text._malloc_usable_size_r
                0x0000000008002a0a       0x10 C:/ST/STM32CubeIDE_1.14.1/STM32CubeIDE/plugins/com.st.stm32cube.ide.mcu.externaltools.gnu-tools-for-stm32.11.3.rel1.win32_1.1.100.202309141235/tools/bin/../lib/gcc/arm-none-eabi/11.3.1/../../../../arm-none-eabi/lib/thumb/v7e-m/nofp\libc_nano.a(libc_a-msizer.o)
                0x0000000008002a0a                _malloc_usable_size_r
 *(.glue_7)
 .glue_7        0x0000000008002a1a        0x0 linker stubs
 *(.glue_7t)
 .glue_7t       0x0000000008002a1a        0x0 linker stubs
 *(.eh_frame)
 *fill*         0x0000000008002a1a        0x2 
 .eh_frame      0x0000000008002a1c        0x0 C:/ST/STM32CubeIDE_1.14.1/STM32CubeIDE/plugins/com.st.stm32cube.ide.mcu.externaltools.gnu-tools-for-stm32.11.3.rel1.win32_1.1.100.202309141235/tools/bin/../lib/gcc/arm-none-eabi/11.3.1/thumb/v7e-m/nofp/crtbegin.o
 *(.init)
 .init          0x0000000008002a1c        0x4 C:/ST/STM32CubeIDE_1.14.1/STM32CubeIDE/plugins/com.st.stm32cube.ide.mcu.externaltools.gnu-tools-for-stm32.11.3.rel1.win32_1.1.100.202309141235/tools/bin/../lib/gcc/arm-none-eabi/11.3.1/thumb/v7e-m/nofp/crti.o
                0x0000000008002a1c                _init
 .init          0x0000000008002a20        0x8 C:/ST/STM32CubeIDE_1.14.1/STM32CubeIDE/plugins/com.st.stm32cube.ide.mcu.externaltools.gnu-tools-for-stm32.11.3.rel1.win32_1.1.100.202309141235/tools/bin/../lib/gcc/arm-none-eabi/11.3.1/thumb/v7e-m/nofp/crtn.o
 *(.fini)
 .fini          0x0000000008002a28        0x4 C:/ST/STM32CubeIDE_1.14.1/STM32CubeIDE/plugins/com.st.stm32cube.ide.mcu.externaltools.gnu-tools-for-stm32.11.3.rel1.win32_1.1.100.202309141235/tools/bin/../lib/gcc/arm-none-eabi/11.3.1/thumb/v7e-m/nofp/crti.o
                0x0000000008002a28                _fini
 .fini          0x0000000008002a2c        0x8 C:/ST/STM32CubeIDE_1.14.1/STM32CubeIDE/plugins/com.st.stm32cube.ide.mcu.externaltools.gnu-tools-for-stm32.11.3.rel1.win32_1.1.100.202309141235/tools/bin/../lib/gcc/arm-none-eabi/11.3.1/thumb/v7e-m/nofp/crtn.o
                0x0000000008002a34                . = ALIGN (0x4)
                0x0000000008002a34                _etext = .

.vfp11_veneer   0x0000000008002a34        0x0
 .vfp11_veneer  0x0000000008002a34        0x0 linker stubs

.v4_bx          0x0000000008002a34        0x0
 .v4_bx         0x0000000008002a34        0x0 linker stubs

.iplt           0x0000000008002a34        0x0
 .iplt          0x0000000008002a34        0x0 C:/ST/STM32CubeIDE_1.14.1/STM32CubeIDE/plugins/com.st.stm32cube.ide.mcu.externaltools.gnu-tools-for-stm32.11.3.rel1.win32_1.1.100.202309141235/tools/bin/../lib/gcc/arm-none-eabi/11.3.1/thumb/v7e-m/nofp/crtbegin.o

.rodata         0x0000000008002a34      0x5f8
                0x0000000008002a34                . = ALIGN (0x4)
 *(.rodata)
 .rodata        0x0000000008002a34       0x79 ./Src/config.o
 *fill*         0x0000000008002aad        0x3 
 .rodata        0x0000000008002ab0      0x187 ./Src/main.o
 *fill*         0x0000000008002c37        0x1 
 .rodata        0x0000000008002c38      0x118 ./Src/secure_lock.o
 .rodata        0x0000000008002d50      0x129 ./Src/wifi.o
 *(.rodata*)
 *fill*         0x0000000008002e79        0x3 
 .rodata.keypad_matrix
                0x0000000008002e7c       0x10 ./Src/keypad.o
 .rodata.default_aes_key
                0x0000000008002e8c       0x10 ./Src/main.o
 .rodata.aes_key
                0x0000000008002e9c       0x10 ./Src/secure_lock.o
 .rodata.users  0x0000000008002eac       0x4a ./Src/secure_lock.o
 *fill*         0x0000000008002ef6        0x2 
 .rodata.k      0x0000000008002ef8      0x100 ./Src/sha256.o
 .rodata._svfprintf_r.str1.1
                0x0000000008002ff8       0x11 C:/ST/STM32CubeIDE_1.14.1/STM32CubeIDE/plugins/com.st.stm32cube.ide.mcu.externaltools.gnu-tools-for-stm32.11.3.rel1.win32_1.1.100.202309141235/tools/bin/../lib/gcc/arm-none-eabi/11.3.1/../../../../arm-none-eabi/lib/thumb/v7e-m/nofp\libc_nano.a(libc_a-nano-svfprintf.o)
 .rodata._printf_i.str1.1
                0x0000000008003009       0x22 C:/ST/STM32CubeIDE_1.14.1/STM32CubeIDE/plugins/com.st.stm32cube.ide.mcu.externaltools.gnu-tools-for-stm32.11.3.rel1.win32_1.1.100.202309141235/tools/bin/../lib/gcc/arm-none-eabi/11.3.1/../../../../arm-none-eabi/lib/thumb/v7e-m/nofp\libc_nano.a(libc_a-nano-vfprintf_i.o)
                0x000000000800302c                . = ALIGN (0x4)
 *fill*         0x000000000800302b        0x1 

.rel.dyn        0x000000000800302c        0x0
 .rel.iplt      0x000000000800302c        0x0 C:/ST/STM32CubeIDE_1.14.1/STM32CubeIDE/plugins/com.st.stm32cube.ide.mcu.externaltools.gnu-tools-for-stm32.11.3.rel1.win32_1.1.100.202309141235/tools/bin/../lib/gcc/arm-none-eabi/11.3.1/thumb/v7e-m/nofp/crtbegin.o

.ARM.extab      0x000000000800302c        0x0
                0x000000000800302c                . = ALIGN (0x4)
 *(.ARM.extab* .gnu.linkonce.armextab.*)
                0x000000000800302c                . = ALIGN (0x4)

.ARM            0x000000000800302c        0x0
                0x000000000800302c                . = ALIGN (0x4)
                0x000000000800302c                __exidx_start = .
 *(.ARM.exidx*)
                0x000000000800302c                __exidx_end = .
                0x000000000800302c                . = ALIGN (0x4)

.preinit_array  0x000000000800302c        0x0
                0x000000000800302c                . = ALIGN (0x4)
                0x000000000800302c                PROVIDE (__preinit_array_start = .)
 *(.preinit_array*)
                0x000000000800302c                PROVIDE (__preinit_array_end = .)
                0x000000000800302c                . = ALIGN (0x4)

.init_array     0x000000000800302c        0x4
                0x000000000800302c                . = ALIGN (0x4)
                0x000000000800302c                PROVIDE (__init_array_start = .)
 *(SORT_BY_NAME(.init_array.*))
 *(.init_array*)
 .init_array    0x000000000800302c        0x4 C:/ST/STM32CubeIDE_1.14.1/STM32CubeIDE/plugins/com.st.stm32cube.ide.mcu.externaltools.gnu-tools-for-stm32.11.3.rel1.win32_1.1.100.202309141235/tools/bin/../lib/gcc/arm-none-eabi/11.3.1/thumb/v7e-m/nofp/crtbegin.o
                0x0000000008003030                PROVIDE (__init_array_end = .)
                0x0000000008003030                . = ALIGN (0x4)

.fini_array     0x0000000008003030        0x4
                0x0000000008003030                . = ALIGN (0x4)
                [!provide]                        PROVIDE (__fini_array_start = .)
 *(SORT_BY_NAME(.fini_array.*))
 *(.fini_array*)
 .fini_array    0x0000000008003030        0x4 C:/ST/STM32CubeIDE_1.14.1/STM32CubeIDE/plugins/com.st.stm32cube.ide.mcu.externaltools.gnu-tools-for-stm32.11.3.rel1.win32_1.1.100.202309141235/tools/bin/../lib/gcc/arm-none-eabi/11.3.1/thumb/v7e-m/nofp/crtbegin.o
                [!provide]                        PROVIDE (__fini_array_end = .)
                0x0000000008003034                . = ALIGN (0x4)
                0x0000000008003034                _sidata = LOADADDR (.data)

.data           0x0000000020000000       0x54 load address 0x0000000008003034
                0x0000000020000000                . = ALIGN (0x4)
                0x0000000020000000                _sdata = .
 *(.data)
 *(.data*)
 .data.current_user_id
                0x0000000020000000        0x1 ./Src/secure_lock.o
 *fill*         0x0000000020000001        0x3 
 .data._impure_data
                0x0000000020000004       0x4c C:/ST/STM32CubeIDE_1.14.1/STM32CubeIDE/plugins/com.st.stm32cube.ide.mcu.externaltools.gnu-tools-for-stm32.11.3.rel1.win32_1.1.100.202309141235/tools/bin/../lib/gcc/arm-none-eabi/11.3.1/../../../../arm-none-eabi/lib/thumb/v7e-m/nofp\libc_nano.a(libc_a-impure.o)
                0x0000000020000004                _impure_data
 .data._impure_ptr
                0x0000000020000050        0x4 C:/ST/STM32CubeIDE_1.14.1/STM32CubeIDE/plugins/com.st.stm32cube.ide.mcu.externaltools.gnu-tools-for-stm32.11.3.rel1.win32_1.1.100.202309141235/tools/bin/../lib/gcc/arm-none-eabi/11.3.1/../../../../arm-none-eabi/lib/thumb/v7e-m/nofp\libc_nano.a(libc_a-impure.o)
                0x0000000020000050                _impure_ptr
 *(.RamFunc)
 *(.RamFunc*)
                0x0000000020000054                . = ALIGN (0x4)
                0x0000000020000054                _edata = .
                0x0000000008003088                _siccmram = LOADADDR (.ccmram)

.igot.plt       0x0000000020000054        0x0 load address 0x0000000008003088
 .igot.plt      0x0000000020000054        0x0 C:/ST/STM32CubeIDE_1.14.1/STM32CubeIDE/plugins/com.st.stm32cube.ide.mcu.externaltools.gnu-tools-for-stm32.11.3.rel1.win32_1.1.100.202309141235/tools/bin/../lib/gcc/arm-none-eabi/11.3.1/thumb/v7e-m/nofp/crtbegin.o

.ccmram         0x0000000010000000        0x0 load address 0x0000000008003088
                0x0000000010000000                . = ALIGN (0x4)
                0x0000000010000000                _sccmram = .
 *(.ccmram)
 *(.ccmram*)
                0x0000000010000000                . = ALIGN (0x4)
                0x0000000010000000                _eccmram = .
                0x0000000010000000                . = ALIGN (0x4)

.bss            0x0000000020000054      0x1c0
                0x0000000020000054                _sbss = .
                0x0000000020000054                __bss_start__ = _sbss
 *(.bss)
 .bss           0x0000000020000054       0x1c C:/ST/STM32CubeIDE_1.14.1/STM32CubeIDE/plugins/com.st.stm32cube.ide.mcu.externaltools.gnu-tools-for-stm32.11.3.rel1.win32_1.1.100.202309141235/tools/bin/../lib/gcc/arm-none-eabi/11.3.1/thumb/v7e-m/nofp/crtbegin.o
 *(.bss*)
 .bss.keypad_debounce_counter
                0x0000000020000070        0x1 ./Src/keypad.o
 .bss.last_key  0x0000000020000071        0x1 ./Src/keypad.o
 *fill*         0x0000000020000072        0x2 
 .bss.last_key_time
                0x0000000020000074        0x4 ./Src/keypad.o
 .bss.prev_key.1
                0x0000000020000078        0x1 ./Src/keypad.o
 *fill*         0x0000000020000079        0x3 
 .bss.prev_key_time.0
                0x000000002000007c        0x4 ./Src/keypad.o
 .bss.system_config
                0x0000000020000080       0x18 ./Src/main.o
 .bss.system_heartbeat
                0x0000000020000098        0x4 ./Src/main.o
 .bss.maintenance_mode
                0x000000002000009c        0x1 ./Src/main.o
 *fill*         0x000000002000009d        0x3 
 .bss.last_heartbeat.3
                0x00000000200000a0        0x4 ./Src/main.o
 .bss.button_was_pressed.2
                0x00000000200000a4        0x1 ./Src/main.o
 *fill*         0x00000000200000a5        0x3 
 .bss.button_press_time.1
                0x00000000200000a8        0x4 ./Src/main.o
 .bss.tick_count.0
                0x00000000200000ac        0x4 ./Src/main.o
 .bss.current_state
                0x00000000200000b0        0x1 ./Src/secure_lock.o
 *fill*         0x00000000200000b1        0x3 
 .bss.current_uid
                0x00000000200000b4        0x4 ./Src/secure_lock.o
 .bss.failed_attempts
                0x00000000200000b8        0x1 ./Src/secure_lock.o
 *fill*         0x00000000200000b9        0x3 
 .bss.last_activity_time
                0x00000000200000bc        0x4 ./Src/secure_lock.o
 .bss.lockout_end_time
                0x00000000200000c0        0x4 ./Src/secure_lock.o
 .bss.__sbrk_heap_end
                0x00000000200000c4        0x4 ./Src/sysmem.o
 .bss.tick_counter
                0x00000000200000c8        0x4 ./Src/utils.o
                0x00000000200000c8                tick_counter
 .bss.__sf      0x00000000200000cc      0x138 C:/ST/STM32CubeIDE_1.14.1/STM32CubeIDE/plugins/com.st.stm32cube.ide.mcu.externaltools.gnu-tools-for-stm32.11.3.rel1.win32_1.1.100.202309141235/tools/bin/../lib/gcc/arm-none-eabi/11.3.1/../../../../arm-none-eabi/lib/thumb/v7e-m/nofp\libc_nano.a(libc_a-findfp.o)
                0x00000000200000cc                __sf
 .bss.errno     0x0000000020000204        0x4 C:/ST/STM32CubeIDE_1.14.1/STM32CubeIDE/plugins/com.st.stm32cube.ide.mcu.externaltools.gnu-tools-for-stm32.11.3.rel1.win32_1.1.100.202309141235/tools/bin/../lib/gcc/arm-none-eabi/11.3.1/../../../../arm-none-eabi/lib/thumb/v7e-m/nofp\libc_nano.a(libc_a-reent.o)
                0x0000000020000204                errno
 .bss.__lock___malloc_recursive_mutex
                0x0000000020000208        0x1 C:/ST/STM32CubeIDE_1.14.1/STM32CubeIDE/plugins/com.st.stm32cube.ide.mcu.externaltools.gnu-tools-for-stm32.11.3.rel1.win32_1.1.100.202309141235/tools/bin/../lib/gcc/arm-none-eabi/11.3.1/../../../../arm-none-eabi/lib/thumb/v7e-m/nofp\libc_nano.a(libc_a-lock.o)
                0x0000000020000208                __lock___malloc_recursive_mutex
 *fill*         0x0000000020000209        0x3 
 .bss.__malloc_free_list
                0x000000002000020c        0x4 C:/ST/STM32CubeIDE_1.14.1/STM32CubeIDE/plugins/com.st.stm32cube.ide.mcu.externaltools.gnu-tools-for-stm32.11.3.rel1.win32_1.1.100.202309141235/tools/bin/../lib/gcc/arm-none-eabi/11.3.1/../../../../arm-none-eabi/lib/thumb/v7e-m/nofp\libc_nano.a(libc_a-mallocr.o)
                0x000000002000020c                __malloc_free_list
 .bss.__malloc_sbrk_start
                0x0000000020000210        0x4 C:/ST/STM32CubeIDE_1.14.1/STM32CubeIDE/plugins/com.st.stm32cube.ide.mcu.externaltools.gnu-tools-for-stm32.11.3.rel1.win32_1.1.100.202309141235/tools/bin/../lib/gcc/arm-none-eabi/11.3.1/../../../../arm-none-eabi/lib/thumb/v7e-m/nofp\libc_nano.a(libc_a-mallocr.o)
                0x0000000020000210                __malloc_sbrk_start
 *(COMMON)
                0x0000000020000214                . = ALIGN (0x4)
                0x0000000020000214                _ebss = .
                0x0000000020000214                __bss_end__ = _ebss

._user_heap_stack
                0x0000000020000214      0x604
                0x0000000020000218                . = ALIGN (0x8)
 *fill*         0x0000000020000214        0x4 
                [!provide]                        PROVIDE (end = .)
                0x0000000020000218                PROVIDE (_end = .)
                0x0000000020000418                . = (. + _Min_Heap_Size)
 *fill*         0x0000000020000218      0x200 
                0x0000000020000818                . = (. + _Min_Stack_Size)
 *fill*         0x0000000020000418      0x400 
                0x0000000020000818                . = ALIGN (0x8)

/DISCARD/
 libc.a(*)
 libm.a(*)
 libgcc.a(*)

.ARM.attributes
                0x0000000000000000       0x2a
 *(.ARM.attributes)
 .ARM.attributes
                0x0000000000000000       0x1e C:/ST/STM32CubeIDE_1.14.1/STM32CubeIDE/plugins/com.st.stm32cube.ide.mcu.externaltools.gnu-tools-for-stm32.11.3.rel1.win32_1.1.100.202309141235/tools/bin/../lib/gcc/arm-none-eabi/11.3.1/thumb/v7e-m/nofp/crti.o
 .ARM.attributes
                0x000000000000001e       0x2e C:/ST/STM32CubeIDE_1.14.1/STM32CubeIDE/plugins/com.st.stm32cube.ide.mcu.externaltools.gnu-tools-for-stm32.11.3.rel1.win32_1.1.100.202309141235/tools/bin/../lib/gcc/arm-none-eabi/11.3.1/thumb/v7e-m/nofp/crtbegin.o
 .ARM.attributes
                0x000000000000004c       0x2e ./Src/aes.o
 .ARM.attributes
                0x000000000000007a       0x2e ./Src/config.o
 .ARM.attributes
                0x00000000000000a8       0x2e ./Src/keypad.o
 .ARM.attributes
                0x00000000000000d6       0x2e ./Src/main.o
 .ARM.attributes
                0x0000000000000104       0x2e ./Src/rfid.o
 .ARM.attributes
                0x0000000000000132       0x2e ./Src/secure_lock.o
 .ARM.attributes
                0x0000000000000160       0x2e ./Src/sha256.o
 .ARM.attributes
                0x000000000000018e       0x2e ./Src/sysmem.o
 .ARM.attributes
                0x00000000000001bc       0x2e ./Src/utils.o
 .ARM.attributes
                0x00000000000001ea       0x2e ./Src/wifi.o
 .ARM.attributes
                0x0000000000000218       0x21 ./Startup/startup_stm32f407vgtx.o
 .ARM.attributes
                0x0000000000000239       0x2e C:/ST/STM32CubeIDE_1.14.1/STM32CubeIDE/plugins/com.st.stm32cube.ide.mcu.externaltools.gnu-tools-for-stm32.11.3.rel1.win32_1.1.100.202309141235/tools/bin/../lib/gcc/arm-none-eabi/11.3.1/../../../../arm-none-eabi/lib/thumb/v7e-m/nofp\libc_nano.a(libc_a-findfp.o)
 .ARM.attributes
                0x0000000000000267       0x2e C:/ST/STM32CubeIDE_1.14.1/STM32CubeIDE/plugins/com.st.stm32cube.ide.mcu.externaltools.gnu-tools-for-stm32.11.3.rel1.win32_1.1.100.202309141235/tools/bin/../lib/gcc/arm-none-eabi/11.3.1/../../../../arm-none-eabi/lib/thumb/v7e-m/nofp\libc_nano.a(libc_a-snprintf.o)
 .ARM.attributes
                0x0000000000000295       0x2e C:/ST/STM32CubeIDE_1.14.1/STM32CubeIDE/plugins/com.st.stm32cube.ide.mcu.externaltools.gnu-tools-for-stm32.11.3.rel1.win32_1.1.100.202309141235/tools/bin/../lib/gcc/arm-none-eabi/11.3.1/../../../../arm-none-eabi/lib/thumb/v7e-m/nofp\libc_nano.a(libc_a-strstr.o)
 .ARM.attributes
                0x00000000000002c3       0x2e C:/ST/STM32CubeIDE_1.14.1/STM32CubeIDE/plugins/com.st.stm32cube.ide.mcu.externaltools.gnu-tools-for-stm32.11.3.rel1.win32_1.1.100.202309141235/tools/bin/../lib/gcc/arm-none-eabi/11.3.1/../../../../arm-none-eabi/lib/thumb/v7e-m/nofp\libc_nano.a(libc_a-reent.o)
 .ARM.attributes
                0x00000000000002f1       0x2e C:/ST/STM32CubeIDE_1.14.1/STM32CubeIDE/plugins/com.st.stm32cube.ide.mcu.externaltools.gnu-tools-for-stm32.11.3.rel1.win32_1.1.100.202309141235/tools/bin/../lib/gcc/arm-none-eabi/11.3.1/../../../../arm-none-eabi/lib/thumb/v7e-m/nofp\libc_nano.a(libc_a-impure.o)
 .ARM.attributes
                0x000000000000031f       0x2e C:/ST/STM32CubeIDE_1.14.1/STM32CubeIDE/plugins/com.st.stm32cube.ide.mcu.externaltools.gnu-tools-for-stm32.11.3.rel1.win32_1.1.100.202309141235/tools/bin/../lib/gcc/arm-none-eabi/11.3.1/../../../../arm-none-eabi/lib/thumb/v7e-m/nofp\libc_nano.a(libc_a-errno.o)
 .ARM.attributes
                0x000000000000034d       0x2e C:/ST/STM32CubeIDE_1.14.1/STM32CubeIDE/plugins/com.st.stm32cube.ide.mcu.externaltools.gnu-tools-for-stm32.11.3.rel1.win32_1.1.100.202309141235/tools/bin/../lib/gcc/arm-none-eabi/11.3.1/../../../../arm-none-eabi/lib/thumb/v7e-m/nofp\libc_nano.a(libc_a-init.o)
 .ARM.attributes
                0x000000000000037b       0x2e C:/ST/STM32CubeIDE_1.14.1/STM32CubeIDE/plugins/com.st.stm32cube.ide.mcu.externaltools.gnu-tools-for-stm32.11.3.rel1.win32_1.1.100.202309141235/tools/bin/../lib/gcc/arm-none-eabi/11.3.1/../../../../arm-none-eabi/lib/thumb/v7e-m/nofp\libc_nano.a(libc_a-lock.o)
 .ARM.attributes
                0x00000000000003a9       0x2e C:/ST/STM32CubeIDE_1.14.1/STM32CubeIDE/plugins/com.st.stm32cube.ide.mcu.externaltools.gnu-tools-for-stm32.11.3.rel1.win32_1.1.100.202309141235/tools/bin/../lib/gcc/arm-none-eabi/11.3.1/../../../../arm-none-eabi/lib/thumb/v7e-m/nofp\libc_nano.a(libc_a-freer.o)
 .ARM.attributes
                0x00000000000003d7       0x2e C:/ST/STM32CubeIDE_1.14.1/STM32CubeIDE/plugins/com.st.stm32cube.ide.mcu.externaltools.gnu-tools-for-stm32.11.3.rel1.win32_1.1.100.202309141235/tools/bin/../lib/gcc/arm-none-eabi/11.3.1/../../../../arm-none-eabi/lib/thumb/v7e-m/nofp\libc_nano.a(libc_a-mallocr.o)
 .ARM.attributes
                0x0000000000000405       0x2e C:/ST/STM32CubeIDE_1.14.1/STM32CubeIDE/plugins/com.st.stm32cube.ide.mcu.externaltools.gnu-tools-for-stm32.11.3.rel1.win32_1.1.100.202309141235/tools/bin/../lib/gcc/arm-none-eabi/11.3.1/../../../../arm-none-eabi/lib/thumb/v7e-m/nofp\libc_nano.a(libc_a-mlock.o)
 .ARM.attributes
                0x0000000000000433       0x2e C:/ST/STM32CubeIDE_1.14.1/STM32CubeIDE/plugins/com.st.stm32cube.ide.mcu.externaltools.gnu-tools-for-stm32.11.3.rel1.win32_1.1.100.202309141235/tools/bin/../lib/gcc/arm-none-eabi/11.3.1/../../../../arm-none-eabi/lib/thumb/v7e-m/nofp\libc_nano.a(libc_a-nano-svfprintf.o)
 .ARM.attributes
                0x0000000000000461       0x2e C:/ST/STM32CubeIDE_1.14.1/STM32CubeIDE/plugins/com.st.stm32cube.ide.mcu.externaltools.gnu-tools-for-stm32.11.3.rel1.win32_1.1.100.202309141235/tools/bin/../lib/gcc/arm-none-eabi/11.3.1/../../../../arm-none-eabi/lib/thumb/v7e-m/nofp\libc_nano.a(libc_a-nano-vfprintf_i.o)
 .ARM.attributes
                0x000000000000048f       0x2e C:/ST/STM32CubeIDE_1.14.1/STM32CubeIDE/plugins/com.st.stm32cube.ide.mcu.externaltools.gnu-tools-for-stm32.11.3.rel1.win32_1.1.100.202309141235/tools/bin/../lib/gcc/arm-none-eabi/11.3.1/../../../../arm-none-eabi/lib/thumb/v7e-m/nofp\libc_nano.a(libc_a-sbrkr.o)
 .ARM.attributes
                0x00000000000004bd       0x1c C:/ST/STM32CubeIDE_1.14.1/STM32CubeIDE/plugins/com.st.stm32cube.ide.mcu.externaltools.gnu-tools-for-stm32.11.3.rel1.win32_1.1.100.202309141235/tools/bin/../lib/gcc/arm-none-eabi/11.3.1/../../../../arm-none-eabi/lib/thumb/v7e-m/nofp\libc_nano.a(libc_a-memchr.o)
 .ARM.attributes
                0x00000000000004d9       0x2e C:/ST/STM32CubeIDE_1.14.1/STM32CubeIDE/plugins/com.st.stm32cube.ide.mcu.externaltools.gnu-tools-for-stm32.11.3.rel1.win32_1.1.100.202309141235/tools/bin/../lib/gcc/arm-none-eabi/11.3.1/../../../../arm-none-eabi/lib/thumb/v7e-m/nofp\libc_nano.a(libc_a-reallocr.o)
 .ARM.attributes
                0x0000000000000507       0x2e C:/ST/STM32CubeIDE_1.14.1/STM32CubeIDE/plugins/com.st.stm32cube.ide.mcu.externaltools.gnu-tools-for-stm32.11.3.rel1.win32_1.1.100.202309141235/tools/bin/../lib/gcc/arm-none-eabi/11.3.1/../../../../arm-none-eabi/lib/thumb/v7e-m/nofp\libc_nano.a(libc_a-msizer.o)
 .ARM.attributes
                0x0000000000000535       0x1e C:/ST/STM32CubeIDE_1.14.1/STM32CubeIDE/plugins/com.st.stm32cube.ide.mcu.externaltools.gnu-tools-for-stm32.11.3.rel1.win32_1.1.100.202309141235/tools/bin/../lib/gcc/arm-none-eabi/11.3.1/thumb/v7e-m/nofp/crtn.o
OUTPUT(SecureLock.elf elf32-littlearm)
LOAD linker stubs
LOAD C:/ST/STM32CubeIDE_1.14.1/STM32CubeIDE/plugins/com.st.stm32cube.ide.mcu.externaltools.gnu-tools-for-stm32.11.3.rel1.win32_1.1.100.202309141235/tools/bin/../lib/gcc/arm-none-eabi/11.3.1/../../../../arm-none-eabi/lib/thumb/v7e-m/nofp\libc.a
LOAD C:/ST/STM32CubeIDE_1.14.1/STM32CubeIDE/plugins/com.st.stm32cube.ide.mcu.externaltools.gnu-tools-for-stm32.11.3.rel1.win32_1.1.100.202309141235/tools/bin/../lib/gcc/arm-none-eabi/11.3.1/../../../../arm-none-eabi/lib/thumb/v7e-m/nofp\libm.a
LOAD C:/ST/STM32CubeIDE_1.14.1/STM32CubeIDE/plugins/com.st.stm32cube.ide.mcu.externaltools.gnu-tools-for-stm32.11.3.rel1.win32_1.1.100.202309141235/tools/bin/../lib/gcc/arm-none-eabi/11.3.1/thumb/v7e-m/nofp\libgcc.a

.comment        0x0000000000000000       0x43
 .comment       0x0000000000000000       0x43 C:/ST/STM32CubeIDE_1.14.1/STM32CubeIDE/plugins/com.st.stm32cube.ide.mcu.externaltools.gnu-tools-for-stm32.11.3.rel1.win32_1.1.100.202309141235/tools/bin/../lib/gcc/arm-none-eabi/11.3.1/thumb/v7e-m/nofp/crtbegin.o
                                         0x44 (size before relaxing)
 .comment       0x0000000000000043       0x44 ./Src/aes.o
 .comment       0x0000000000000043       0x44 ./Src/config.o
 .comment       0x0000000000000043       0x44 ./Src/keypad.o
 .comment       0x0000000000000043       0x44 ./Src/main.o
 .comment       0x0000000000000043       0x44 ./Src/rfid.o
 .comment       0x0000000000000043       0x44 ./Src/secure_lock.o
 .comment       0x0000000000000043       0x44 ./Src/sha256.o
 .comment       0x0000000000000043       0x44 ./Src/sysmem.o
 .comment       0x0000000000000043       0x44 ./Src/utils.o
 .comment       0x0000000000000043       0x44 ./Src/wifi.o

.debug_info     0x0000000000000000     0x369f
 .debug_info    0x0000000000000000      0x177 ./Src/aes.o
 .debug_info    0x0000000000000177      0x1e6 ./Src/config.o
 .debug_info    0x000000000000035d      0x682 ./Src/keypad.o
 .debug_info    0x00000000000009df      0x923 ./Src/main.o
 .debug_info    0x0000000000001302      0x67a ./Src/rfid.o
 .debug_info    0x000000000000197c      0x864 ./Src/secure_lock.o
 .debug_info    0x00000000000021e0      0x39a ./Src/sha256.o
 .debug_info    0x000000000000257a      0x168 ./Src/sysmem.o
 .debug_info    0x00000000000026e2      0x93e ./Src/utils.o
 .debug_info    0x0000000000003020      0x65c ./Src/wifi.o
 .debug_info    0x000000000000367c       0x23 ./Startup/startup_stm32f407vgtx.o

.debug_abbrev   0x0000000000000000      0xfa2
 .debug_abbrev  0x0000000000000000       0xd9 ./Src/aes.o
 .debug_abbrev  0x00000000000000d9      0x111 ./Src/config.o
 .debug_abbrev  0x00000000000001ea      0x1f9 ./Src/keypad.o
 .debug_abbrev  0x00000000000003e3      0x226 ./Src/main.o
 .debug_abbrev  0x0000000000000609      0x17e ./Src/rfid.o
 .debug_abbrev  0x0000000000000787      0x1ff ./Src/secure_lock.o
 .debug_abbrev  0x0000000000000986      0x144 ./Src/sha256.o
 .debug_abbrev  0x0000000000000aca       0xbc ./Src/sysmem.o
 .debug_abbrev  0x0000000000000b86      0x226 ./Src/utils.o
 .debug_abbrev  0x0000000000000dac      0x1e4 ./Src/wifi.o
 .debug_abbrev  0x0000000000000f90       0x12 ./Startup/startup_stm32f407vgtx.o

.debug_aranges  0x0000000000000000      0x4c0
 .debug_aranges
                0x0000000000000000       0x30 ./Src/aes.o
 .debug_aranges
                0x0000000000000030       0x40 ./Src/config.o
 .debug_aranges
                0x0000000000000070       0x78 ./Src/keypad.o
 .debug_aranges
                0x00000000000000e8       0xc0 ./Src/main.o
 .debug_aranges
                0x00000000000001a8       0x70 ./Src/rfid.o
 .debug_aranges
                0x0000000000000218       0x88 ./Src/secure_lock.o
 .debug_aranges
                0x00000000000002a0       0x38 ./Src/sha256.o
 .debug_aranges
                0x00000000000002d8       0x20 ./Src/sysmem.o
 .debug_aranges
                0x00000000000002f8      0x120 ./Src/utils.o
 .debug_aranges
                0x0000000000000418       0x80 ./Src/wifi.o
 .debug_aranges
                0x0000000000000498       0x28 ./Startup/startup_stm32f407vgtx.o

.debug_rnglists
                0x0000000000000000      0x373
 .debug_rnglists
                0x0000000000000000       0x1f ./Src/aes.o
 .debug_rnglists
                0x000000000000001f       0x2b ./Src/config.o
 .debug_rnglists
                0x000000000000004a       0x5b ./Src/keypad.o
 .debug_rnglists
                0x00000000000000a5       0x8e ./Src/main.o
 .debug_rnglists
                0x0000000000000133       0x54 ./Src/rfid.o
 .debug_rnglists
                0x0000000000000187       0x64 ./Src/secure_lock.o
 .debug_rnglists
                0x00000000000001eb       0x28 ./Src/sha256.o
 .debug_rnglists
                0x0000000000000213       0x13 ./Src/sysmem.o
 .debug_rnglists
                0x0000000000000226       0xd4 ./Src/utils.o
 .debug_rnglists
                0x00000000000002fa       0x60 ./Src/wifi.o
 .debug_rnglists
                0x000000000000035a       0x19 ./Startup/startup_stm32f407vgtx.o

.debug_macro    0x0000000000000000     0x3427
 .debug_macro   0x0000000000000000       0x7c ./Src/aes.o
 .debug_macro   0x000000000000007c      0xaa8 ./Src/aes.o
 .debug_macro   0x0000000000000b24       0x22 ./Src/aes.o
 .debug_macro   0x0000000000000b46       0x8e ./Src/aes.o
 .debug_macro   0x0000000000000bd4       0x51 ./Src/aes.o
 .debug_macro   0x0000000000000c25      0x103 ./Src/aes.o
 .debug_macro   0x0000000000000d28       0x6a ./Src/aes.o
 .debug_macro   0x0000000000000d92      0x1df ./Src/aes.o
 .debug_macro   0x0000000000000f71      0x3fb ./Src/aes.o
 .debug_macro   0x000000000000136c      0x161 ./Src/config.o
 .debug_macro   0x00000000000014cd      0x20d ./Src/config.o
 .debug_macro   0x00000000000016da      0x174 ./Src/config.o
 .debug_macro   0x000000000000184e       0x1c ./Src/config.o
 .debug_macro   0x000000000000186a       0x61 ./Src/config.o
 .debug_macro   0x00000000000018cb       0x24 ./Src/config.o
 .debug_macro   0x00000000000018ef       0x43 ./Src/config.o
 .debug_macro   0x0000000000001932       0x34 ./Src/config.o
 .debug_macro   0x0000000000001966       0x16 ./Src/config.o
 .debug_macro   0x000000000000197c       0x43 ./Src/config.o
 .debug_macro   0x00000000000019bf       0x34 ./Src/config.o
 .debug_macro   0x00000000000019f3       0x10 ./Src/config.o
 .debug_macro   0x0000000000001a03       0x58 ./Src/config.o
 .debug_macro   0x0000000000001a5b       0x8e ./Src/config.o
 .debug_macro   0x0000000000001ae9       0x1c ./Src/config.o
 .debug_macro   0x0000000000001b05      0x177 ./Src/config.o
 .debug_macro   0x0000000000001c7c      0x369 ./Src/config.o
 .debug_macro   0x0000000000001fe5       0x10 ./Src/config.o
 .debug_macro   0x0000000000001ff5       0x35 ./Src/config.o
 .debug_macro   0x000000000000202a       0x20 ./Src/config.o
 .debug_macro   0x000000000000204a      0x161 ./Src/keypad.o
 .debug_macro   0x00000000000021ab       0x40 ./Src/keypad.o
 .debug_macro   0x00000000000021eb      0x1ae ./Src/main.o
 .debug_macro   0x0000000000002399       0x22 ./Src/main.o
 .debug_macro   0x00000000000023bb       0x46 ./Src/main.o
 .debug_macro   0x0000000000002401      0x196 ./Src/main.o
 .debug_macro   0x0000000000002597       0x16 ./Src/main.o
 .debug_macro   0x00000000000025ad       0x10 ./Src/main.o
 .debug_macro   0x00000000000025bd       0x16 ./Src/main.o
 .debug_macro   0x00000000000025d3       0x16 ./Src/main.o
 .debug_macro   0x00000000000025e9      0x147 ./Src/main.o
 .debug_macro   0x0000000000002730      0x161 ./Src/rfid.o
 .debug_macro   0x0000000000002891      0x190 ./Src/rfid.o
 .debug_macro   0x0000000000002a21      0x1e1 ./Src/secure_lock.o
 .debug_macro   0x0000000000002c02      0x213 ./Src/secure_lock.o
 .debug_macro   0x0000000000002e15       0x10 ./Src/secure_lock.o
 .debug_macro   0x0000000000002e25       0x16 ./Src/secure_lock.o
 .debug_macro   0x0000000000002e3b       0x97 ./Src/sha256.o
 .debug_macro   0x0000000000002ed2       0xff ./Src/sysmem.o
 .debug_macro   0x0000000000002fd1      0x23c ./Src/sysmem.o
 .debug_macro   0x000000000000320d       0x84 ./Src/utils.o
 .debug_macro   0x0000000000003291      0x196 ./Src/wifi.o

.debug_line     0x0000000000000000     0x4fd9
 .debug_line    0x0000000000000000      0x491 ./Src/aes.o
 .debug_line    0x0000000000000491      0x60d ./Src/config.o
 .debug_line    0x0000000000000a9e      0x948 ./Src/keypad.o
 .debug_line    0x00000000000013e6      0x902 ./Src/main.o
 .debug_line    0x0000000000001ce8      0x91f ./Src/rfid.o
 .debug_line    0x0000000000002607      0x88b ./Src/secure_lock.o
 .debug_line    0x0000000000002e92      0x78c ./Src/sha256.o
 .debug_line    0x000000000000361e      0x57e ./Src/sysmem.o
 .debug_line    0x0000000000003b9c      0xb71 ./Src/utils.o
 .debug_line    0x000000000000470d      0x851 ./Src/wifi.o
 .debug_line    0x0000000000004f5e       0x7b ./Startup/startup_stm32f407vgtx.o

.debug_str      0x0000000000000000     0xac61
 .debug_str     0x0000000000000000     0x4ca2 ./Src/aes.o
                                       0x4e1a (size before relaxing)
 .debug_str     0x0000000000004ca2     0x3d03 ./Src/config.o
                                       0x8b3d (size before relaxing)
 .debug_str     0x00000000000089a5      0x3f8 ./Src/keypad.o
                                       0x86a0 (size before relaxing)
 .debug_str     0x0000000000008d9d     0x118e ./Src/main.o
                                       0x9e6f (size before relaxing)
 .debug_str     0x0000000000009f2b      0x131 ./Src/rfid.o
                                       0x8bd3 (size before relaxing)
 .debug_str     0x000000000000a05c      0x2b6 ./Src/secure_lock.o
                                       0x9e3a (size before relaxing)
 .debug_str     0x000000000000a312      0x1d6 ./Src/sha256.o
                                       0x3ee6 (size before relaxing)
 .debug_str     0x000000000000a4e8      0x4d7 ./Src/sysmem.o
                                       0x6014 (size before relaxing)
 .debug_str     0x000000000000a9bf      0x183 ./Src/utils.o
                                       0x5363 (size before relaxing)
 .debug_str     0x000000000000ab42       0xf0 ./Src/wifi.o
                                       0x8bb3 (size before relaxing)
 .debug_str     0x000000000000ac32       0x2f ./Startup/startup_stm32f407vgtx.o
                                         0x62 (size before relaxing)

.debug_frame    0x0000000000000000     0x15e8
 .debug_frame   0x0000000000000000       0x7c ./Src/aes.o
 .debug_frame   0x000000000000007c       0xa4 ./Src/config.o
 .debug_frame   0x0000000000000120      0x1a0 ./Src/keypad.o
 .debug_frame   0x00000000000002c0      0x298 ./Src/main.o
 .debug_frame   0x0000000000000558      0x1ac ./Src/rfid.o
 .debug_frame   0x0000000000000704      0x1d4 ./Src/secure_lock.o
 .debug_frame   0x00000000000008d8       0xa8 ./Src/sha256.o
 .debug_frame   0x0000000000000980       0x34 ./Src/sysmem.o
 .debug_frame   0x00000000000009b4      0x518 ./Src/utils.o
 .debug_frame   0x0000000000000ecc      0x1cc ./Src/wifi.o
 .debug_frame   0x0000000000001098      0x144 C:/ST/STM32CubeIDE_1.14.1/STM32CubeIDE/plugins/com.st.stm32cube.ide.mcu.externaltools.gnu-tools-for-stm32.11.3.rel1.win32_1.1.100.202309141235/tools/bin/../lib/gcc/arm-none-eabi/11.3.1/../../../../arm-none-eabi/lib/thumb/v7e-m/nofp\libc_nano.a(libc_a-findfp.o)
 .debug_frame   0x00000000000011dc       0x7c C:/ST/STM32CubeIDE_1.14.1/STM32CubeIDE/plugins/com.st.stm32cube.ide.mcu.externaltools.gnu-tools-for-stm32.11.3.rel1.win32_1.1.100.202309141235/tools/bin/../lib/gcc/arm-none-eabi/11.3.1/../../../../arm-none-eabi/lib/thumb/v7e-m/nofp\libc_nano.a(libc_a-snprintf.o)
 .debug_frame   0x0000000000001258       0x2c C:/ST/STM32CubeIDE_1.14.1/STM32CubeIDE/plugins/com.st.stm32cube.ide.mcu.externaltools.gnu-tools-for-stm32.11.3.rel1.win32_1.1.100.202309141235/tools/bin/../lib/gcc/arm-none-eabi/11.3.1/../../../../arm-none-eabi/lib/thumb/v7e-m/nofp\libc_nano.a(libc_a-strstr.o)
 .debug_frame   0x0000000000001284       0x38 C:/ST/STM32CubeIDE_1.14.1/STM32CubeIDE/plugins/com.st.stm32cube.ide.mcu.externaltools.gnu-tools-for-stm32.11.3.rel1.win32_1.1.100.202309141235/tools/bin/../lib/gcc/arm-none-eabi/11.3.1/../../../../arm-none-eabi/lib/thumb/v7e-m/nofp\libc_nano.a(libc_a-reent.o)
 .debug_frame   0x00000000000012bc       0x20 C:/ST/STM32CubeIDE_1.14.1/STM32CubeIDE/plugins/com.st.stm32cube.ide.mcu.externaltools.gnu-tools-for-stm32.11.3.rel1.win32_1.1.100.202309141235/tools/bin/../lib/gcc/arm-none-eabi/11.3.1/../../../../arm-none-eabi/lib/thumb/v7e-m/nofp\libc_nano.a(libc_a-errno.o)
 .debug_frame   0x00000000000012dc       0x2c C:/ST/STM32CubeIDE_1.14.1/STM32CubeIDE/plugins/com.st.stm32cube.ide.mcu.externaltools.gnu-tools-for-stm32.11.3.rel1.win32_1.1.100.202309141235/tools/bin/../lib/gcc/arm-none-eabi/11.3.1/../../../../arm-none-eabi/lib/thumb/v7e-m/nofp\libc_nano.a(libc_a-init.o)
 .debug_frame   0x0000000000001308       0xb0 C:/ST/STM32CubeIDE_1.14.1/STM32CubeIDE/plugins/com.st.stm32cube.ide.mcu.externaltools.gnu-tools-for-stm32.11.3.rel1.win32_1.1.100.202309141235/tools/bin/../lib/gcc/arm-none-eabi/11.3.1/../../../../arm-none-eabi/lib/thumb/v7e-m/nofp\libc_nano.a(libc_a-lock.o)
 .debug_frame   0x00000000000013b8       0x38 C:/ST/STM32CubeIDE_1.14.1/STM32CubeIDE/plugins/com.st.stm32cube.ide.mcu.externaltools.gnu-tools-for-stm32.11.3.rel1.win32_1.1.100.202309141235/tools/bin/../lib/gcc/arm-none-eabi/11.3.1/../../../../arm-none-eabi/lib/thumb/v7e-m/nofp\libc_nano.a(libc_a-freer.o)
 .debug_frame   0x00000000000013f0       0x50 C:/ST/STM32CubeIDE_1.14.1/STM32CubeIDE/plugins/com.st.stm32cube.ide.mcu.externaltools.gnu-tools-for-stm32.11.3.rel1.win32_1.1.100.202309141235/tools/bin/../lib/gcc/arm-none-eabi/11.3.1/../../../../arm-none-eabi/lib/thumb/v7e-m/nofp\libc_nano.a(libc_a-mallocr.o)
 .debug_frame   0x0000000000001440       0x30 C:/ST/STM32CubeIDE_1.14.1/STM32CubeIDE/plugins/com.st.stm32cube.ide.mcu.externaltools.gnu-tools-for-stm32.11.3.rel1.win32_1.1.100.202309141235/tools/bin/../lib/gcc/arm-none-eabi/11.3.1/../../../../arm-none-eabi/lib/thumb/v7e-m/nofp\libc_nano.a(libc_a-mlock.o)
 .debug_frame   0x0000000000001470       0x90 C:/ST/STM32CubeIDE_1.14.1/STM32CubeIDE/plugins/com.st.stm32cube.ide.mcu.externaltools.gnu-tools-for-stm32.11.3.rel1.win32_1.1.100.202309141235/tools/bin/../lib/gcc/arm-none-eabi/11.3.1/../../../../arm-none-eabi/lib/thumb/v7e-m/nofp\libc_nano.a(libc_a-nano-svfprintf.o)
 .debug_frame   0x0000000000001500       0x60 C:/ST/STM32CubeIDE_1.14.1/STM32CubeIDE/plugins/com.st.stm32cube.ide.mcu.externaltools.gnu-tools-for-stm32.11.3.rel1.win32_1.1.100.202309141235/tools/bin/../lib/gcc/arm-none-eabi/11.3.1/../../../../arm-none-eabi/lib/thumb/v7e-m/nofp\libc_nano.a(libc_a-nano-vfprintf_i.o)
 .debug_frame   0x0000000000001560       0x2c C:/ST/STM32CubeIDE_1.14.1/STM32CubeIDE/plugins/com.st.stm32cube.ide.mcu.externaltools.gnu-tools-for-stm32.11.3.rel1.win32_1.1.100.202309141235/tools/bin/../lib/gcc/arm-none-eabi/11.3.1/../../../../arm-none-eabi/lib/thumb/v7e-m/nofp\libc_nano.a(libc_a-sbrkr.o)
 .debug_frame   0x000000000000158c       0x3c C:/ST/STM32CubeIDE_1.14.1/STM32CubeIDE/plugins/com.st.stm32cube.ide.mcu.externaltools.gnu-tools-for-stm32.11.3.rel1.win32_1.1.100.202309141235/tools/bin/../lib/gcc/arm-none-eabi/11.3.1/../../../../arm-none-eabi/lib/thumb/v7e-m/nofp\libc_nano.a(libc_a-reallocr.o)
 .debug_frame   0x00000000000015c8       0x20 C:/ST/STM32CubeIDE_1.14.1/STM32CubeIDE/plugins/com.st.stm32cube.ide.mcu.externaltools.gnu-tools-for-stm32.11.3.rel1.win32_1.1.100.202309141235/tools/bin/../lib/gcc/arm-none-eabi/11.3.1/../../../../arm-none-eabi/lib/thumb/v7e-m/nofp\libc_nano.a(libc_a-msizer.o)

.debug_line_str
                0x0000000000000000       0x56
 .debug_line_str
                0x0000000000000000       0x56 ./Startup/startup_stm32f407vgtx.o
                                         0x6e (size before relaxing)
