../Src/keypad.c:21:6:Keypad_Init	4	static
../Src/keypad.c:43:6:Keypad_GetKey	24	static
../Src/keypad.c:102:5:Keypad_GetPIN	40	static
../Src/keypad.c:162:5:Keypad_GetString	40	static
../Src/keypad.c:216:9:Keypad_IsKeyPressed	24	static
../Src/keypad.c:221:9:Keypad_AnyKeyPressed	8	static
../Src/keypad.c:225:6:Keypad_WaitForRelease	8	static
../Src/keypad.c:231:9:Keypad_GetMultiKey	32	static
../Src/keypad.c:261:6:Keypad_Test	16	static
../Src/keypad.c:296:6:Keypad_EnableInterrupt	4	static
../Src/keypad.c:307:6:Keypad_DisableInterrupt	4	static
../Src/keypad.c:313:6:Keypad_Calibrate	24	static
