../Src/main.c:40:5:main	8	static
../Src/main.c:54:6:System_Init	16	static
../Src/main.c:86:6:SystemClock_Config	4	static
../Src/main.c:99:6:GPIO_Init	4	static
../Src/main.c:124:6:System_Run	8	static
../Src/main.c:141:6:System_Heartbeat	16	static
../Src/main.c:161:6:System_ProcessCommands	184	static
../Src/main.c:185:6:Check_MaintenanceModeTrigger	16	static
../Src/main.c:208:6:Enter_MaintenanceMode	8	static
../Src/main.c:216:6:Exit_MaintenanceMode	8	static
../Src/main.c:224:6:System_ErrorHandler	80	static
../Src/main.c:241:6:system_reset	8	static
../Src/main.c:250:28:NMI_Handler	8	static
../Src/main.c:255:28:HardFault_Handler	8	static
../Src/main.c:260:28:MemManage_Handler	8	static
../Src/main.c:265:28:BusFault_Handler	8	static
../Src/main.c:270:28:UsageFault_Handler	8	static
../Src/main.c:275:28:SVC_Handler	4	static
../Src/main.c:279:28:PendSV_Handler	4	static
../Src/main.c:283:28:SysTick_Handler	4	static
../Src/main.c:290:28:Default_Handler	4	static
