../Src/secure_lock.c:46:6:SecureLock_Init	8	static
../Src/secure_lock.c:60:6:SecureLock_Run	24	static
../Src/secure_lock.c:99:6:SecureLock_ProcessRFID	24	static
../Src/secure_lock.c:116:6:SecureLock_ProcessPIN	16	static
../Src/secure_lock.c:134:9:SecureLock_ValidateRFID	24	static
../Src/secure_lock.c:143:9:SecureLock_ValidatePIN	152	static
../Src/secure_lock.c:156:6:SecureLock_GrantAccess	8	static
../Src/secure_lock.c:178:6:SecureLock_DenyAccess	8	static
../Src/secure_lock.c:188:6:SecureLock_ResetSession	8	static
../Src/secure_lock.c:196:6:SecureLock_LogAccess	280	static
../Src/secure_lock.c:215:6:SecureLock_RemoteUnlock	8	static
../Src/secure_lock.c:223:6:SecureLock_SendAccessLogs	8	static
../Src/secure_lock.c:229:9:SecureLock_GetFailedAttempts	4	static
../Src/secure_lock.c:233:14:SecureLock_GetLastError	4	static
